2025-03-08T19:17:14.354Z [info]: Socket.IO loaded successfully
2025-03-08T19:22:02.221Z [info]: Socket.IO loaded successfully
2025-03-08T19:22:02.237Z [warn]: SocketIO module found but could not initialize server
2025-03-08T19:22:02.239Z [info]: Initializing Auth module
2025-03-08T19:24:24.466Z [info]: Socket.IO loaded successfully
2025-03-08T19:24:24.489Z [warn]: SocketIO module found but could not initialize server
2025-03-08T19:24:24.491Z [info]: Initializing Auth module
2025-03-08T19:24:24.492Z [info]: Initializing Chat module
2025-03-08T19:30:03.955Z [info]: Socket.IO loaded successfully
2025-03-08T19:30:03.973Z [warn]: SocketIO module found but could not initialize server
2025-03-08T19:30:03.974Z [info]: Initializing Auth module
2025-03-08T19:30:03.975Z [info]: Initializing Chat module
2025-03-08T19:30:03.979Z [info]: [36mCOREAI v2.0.0 operational[0m
2025-03-08T19:30:03.980Z [info]: Performance monitoring started
2025-03-08T19:31:02.016Z [info]: Socket.IO loaded successfully
2025-03-08T19:31:02.040Z [warn]: SocketIO module found but could not initialize server
2025-03-08T19:31:02.041Z [info]: Initializing Auth module
2025-03-08T19:31:02.042Z [info]: Initializing Chat module
2025-03-08T19:31:02.047Z [info]: [36mCOREAI v2.0.0 operational[0m
2025-03-08T19:31:02.047Z [info]: Performance monitoring started
2025-03-08T19:33:01.543Z [info]: Socket.IO loaded successfully
2025-03-08T19:33:01.559Z [warn]: SocketIO module found but could not initialize server
2025-03-08T19:33:01.562Z [info]: Initializing Auth module
2025-03-08T19:33:01.563Z [info]: Initializing Chat module
2025-03-08T19:33:01.563Z [info]: Initializing Research module
2025-03-08T19:33:01.564Z [info]: Initializing Memory System
2025-03-08T19:33:01.574Z [info]: [36mCOREAI v2.0.0 operational[0m
2025-03-08T19:33:01.575Z [info]: Performance monitoring started
2025-03-08T19:33:55.135Z [info]: Socket.IO loaded successfully
2025-03-08T19:33:55.174Z [warn]: SocketIO module found but could not initialize server
2025-03-08T19:33:55.176Z [info]: Initializing Auth module
2025-03-08T19:33:55.178Z [info]: Initializing Chat module
2025-03-08T19:33:55.179Z [info]: Initializing Research module
2025-03-08T19:33:55.180Z [info]: Initializing Memory System
2025-03-08T19:33:55.216Z [info]: [36mCOREAI v2.0.0 operational[0m
2025-03-08T19:33:55.219Z [info]: Performance monitoring started
2025-03-08T19:35:02.865Z [info]: Socket.IO loaded successfully
2025-03-08T19:35:02.889Z [warn]: SocketIO module found but could not initialize server
2025-03-08T19:35:02.890Z [info]: Initializing Auth module
2025-03-08T19:35:02.891Z [info]: Initializing Chat module
2025-03-08T19:35:02.892Z [info]: Initializing Research module
2025-03-08T19:35:02.893Z [info]: Initializing Memory System
2025-03-08T19:35:02.896Z [info]: [36mCOREAI v2.0.0 operational[0m
2025-03-08T19:35:02.897Z [info]: Performance monitoring started
2025-03-08T19:36:23.408Z [info]: Socket.IO loaded successfully
2025-03-08T19:36:23.428Z [warn]: SocketIO module found but could not initialize server
2025-03-08T19:36:23.429Z [info]: Initializing Auth module
2025-03-08T19:36:23.430Z [info]: Initializing Chat module
2025-03-08T19:36:23.431Z [info]: Initializing Research module
2025-03-08T19:36:23.431Z [info]: Initializing Memory System
2025-03-08T19:36:23.436Z [info]: [36mCOREAI v2.0.0 operational[0m
2025-03-08T19:36:23.438Z [info]: Performance monitoring started
2025-03-08T19:37:43.837Z [info]: Socket.IO loaded successfully
2025-03-08T19:37:43.855Z [warn]: SocketIO module found but could not initialize server
2025-03-08T19:37:43.858Z [info]: Initializing Auth module
2025-03-08T19:37:43.859Z [info]: Initializing Chat module
2025-03-08T19:37:43.859Z [info]: Initializing Research module
2025-03-08T19:37:43.860Z [info]: Initializing Memory System
2025-03-08T19:37:43.863Z [info]: [36mCOREAI v2.0.0 operational[0m
2025-03-08T19:37:43.865Z [info]: Performance monitoring started
2025-03-08T19:37:55.834Z [info]: Socket.IO loaded successfully
2025-03-08T19:37:55.853Z [warn]: SocketIO module found but could not initialize server
2025-03-08T19:37:55.855Z [info]: Initializing Auth module
2025-03-08T19:37:55.856Z [info]: Initializing Chat module
2025-03-08T19:37:55.856Z [info]: Initializing Research module
2025-03-08T19:37:55.857Z [info]: Initializing Memory System
2025-03-08T19:37:55.866Z [info]: [36mCOREAI v2.0.0 operational[0m
2025-03-08T19:37:55.867Z [info]: Performance monitoring started
2025-03-08T19:38:01.745Z [info]: Socket.IO loaded successfully
2025-03-08T19:38:01.762Z [warn]: SocketIO module found but could not initialize server
2025-03-08T19:38:01.763Z [info]: Initializing Auth module
2025-03-08T19:38:01.764Z [info]: Initializing Chat module
2025-03-08T19:38:01.765Z [info]: Initializing Research module
2025-03-08T19:38:01.766Z [info]: Initializing Memory System
2025-03-08T19:38:01.769Z [info]: [36mCOREAI v2.0.0 operational[0m
2025-03-08T19:38:01.770Z [info]: Performance monitoring started
2025-03-08T19:38:58.427Z [info]: Socket.IO loaded successfully
2025-03-08T19:38:58.442Z [warn]: SocketIO module found but could not initialize server
2025-03-08T19:38:58.444Z [info]: Initializing Auth module
2025-03-08T19:38:58.444Z [info]: Initializing Chat module
2025-03-08T19:38:58.445Z [info]: Initializing Research module
2025-03-08T19:38:58.446Z [info]: Initializing Memory System
2025-03-08T19:38:58.448Z [info]: [36mCOREAI v2.0.0 operational[0m
2025-03-08T19:38:58.448Z [info]: Performance monitoring started
2025-03-08T19:39:38.166Z [info]: Socket.IO loaded successfully
2025-03-08T19:39:38.193Z [warn]: SocketIO module found but could not initialize server
2025-03-08T19:39:38.195Z [info]: Initializing Auth module
2025-03-08T19:39:38.196Z [info]: Initializing Chat module
2025-03-08T19:39:38.197Z [info]: Initializing Research module
2025-03-08T19:39:38.198Z [info]: Initializing Memory System
2025-03-08T19:39:38.203Z [info]: [36mCOREAI v2.0.0 operational[0m
2025-03-08T19:39:38.203Z [info]: Performance monitoring started
2025-03-08T19:43:34.976Z [info]: Socket.IO loaded successfully
2025-03-08T19:43:35.002Z [warn]: SocketIO module found but could not initialize server
2025-03-08T19:43:35.004Z [info]: Initializing Auth module
2025-03-08T19:43:35.004Z [info]: Initializing Chat module
2025-03-08T19:43:35.005Z [info]: Initializing Research module
2025-03-08T19:43:35.006Z [info]: Initializing Memory System
2025-03-08T19:43:35.009Z [info]: [36mCOREAI v2.0.0 operational[0m
2025-03-08T19:43:35.010Z [info]: Performance monitoring started
2025-03-08T19:45:35.107Z [info]: Socket.IO loaded successfully
2025-03-08T19:45:35.123Z [warn]: SocketIO module found but could not initialize server
2025-03-08T19:45:38.082Z [info]: Socket.IO loaded successfully
2025-03-08T19:45:38.098Z [warn]: SocketIO module found but could not initialize server
2025-03-08T19:45:38.099Z [info]: Initializing Auth module
2025-03-08T19:45:38.100Z [info]: Initializing Chat module
2025-03-08T19:45:38.101Z [info]: Initializing Research module
2025-03-08T19:45:38.101Z [info]: Initializing Memory System
2025-03-08T19:45:38.104Z [info]: [36mCOREAI v2.0.0 operational[0m
2025-03-08T19:45:38.105Z [info]: Performance monitoring started
2025-03-08T19:48:54.953Z [info]: Socket.IO loaded successfully
2025-03-08T19:48:54.973Z [warn]: SocketIO module found but could not initialize server
2025-03-08T19:48:54.975Z [info]: Initializing Auth module
2025-03-08T19:48:54.976Z [info]: Initializing Chat module
2025-03-08T19:48:54.977Z [info]: Initializing Research module
2025-03-08T19:48:54.978Z [info]: Initializing Memory System
2025-03-08T19:48:54.980Z [info]: [36mCOREAI v2.0.0 operational[0m
2025-03-08T19:48:54.981Z [info]: Performance monitoring started
2025-03-08T19:51:27.384Z [info]: Socket.IO loaded successfully
2025-03-08T19:51:27.402Z [warn]: SocketIO module found but could not initialize server
2025-03-08T19:51:27.406Z [info]: Main application routes initialized
2025-03-08T19:51:27.406Z [info]: Initializing Auth module
2025-03-08T19:51:27.406Z [info]: Initializing Chat module
2025-03-08T19:51:27.407Z [info]: Initializing Research module
2025-03-08T19:51:27.408Z [info]: Initializing Memory System
2025-03-08T19:51:27.410Z [info]: [36mCOREAI v2.0.0 operational[0m
2025-03-08T19:51:27.413Z [info]: Performance monitoring started
2025-03-08T20:00:46.554Z [info]: Socket.IO loaded successfully
2025-03-08T20:00:46.592Z [warn]: SocketIO module found but could not initialize server
2025-03-08T20:00:47.751Z [info]: Main application routes initialized
2025-03-08T20:00:49.407Z [info]: Socket.IO loaded successfully
2025-03-08T20:00:49.424Z [warn]: SocketIO module found but could not initialize server
2025-03-08T20:00:49.428Z [info]: Main application routes initialized
2025-03-08T20:00:49.428Z [info]: Initializing Auth module
2025-03-08T20:00:49.429Z [info]: Initializing Chat module
2025-03-08T20:00:49.430Z [info]: Initializing Research module
2025-03-08T20:00:49.430Z [info]: Initializing Memory System
2025-03-08T20:00:49.433Z [info]: [36mCOREAI v2.0.0 operational[0m
2025-03-08T20:00:49.436Z [info]: Performance monitoring started
2025-03-08T20:10:29.315Z [info]: Socket.IO loaded successfully
2025-03-08T20:10:29.343Z [warn]: SocketIO module found but could not initialize server
2025-03-08T20:10:29.353Z [info]: Main application routes initialized
2025-03-08T20:10:29.353Z [info]: Initializing Auth module
2025-03-08T20:10:29.354Z [info]: Initializing Chat module
2025-03-08T20:10:29.355Z [info]: Initializing Research module
2025-03-08T20:10:29.356Z [info]: Initializing Memory System
2025-03-08T20:10:29.360Z [info]: [36mCOREAI v2.0.0 operational[0m
2025-03-08T20:10:29.361Z [info]: Performance monitoring started
2025-03-08T20:20:52.018Z [info]: Socket.IO loaded successfully
2025-03-08T20:20:52.041Z [warn]: SocketIO module found but could not initialize server
2025-03-08T20:20:52.045Z [info]: Main application routes initialized
2025-03-08T20:20:52.045Z [info]: Initializing Auth module
2025-03-08T20:20:52.046Z [info]: Initializing Chat module
2025-03-08T20:20:52.047Z [info]: Initializing Research module
2025-03-08T20:20:52.047Z [info]: Initializing Memory System
2025-03-08T20:20:52.050Z [info]: [36mCOREAI v2.0.0 operational[0m
2025-03-08T20:20:52.051Z [info]: Performance monitoring started
2025-03-08T23:20:03.311Z [info]: Socket.IO loaded successfully
2025-03-08T23:20:03.344Z [warn]: SocketIO module found but could not initialize server
2025-03-08T23:20:03.347Z [info]: Main application routes initialized
2025-03-08T23:20:03.348Z [info]: Initializing Auth module
2025-03-08T23:20:03.349Z [info]: Initializing Chat module
2025-03-08T23:20:03.349Z [info]: Initializing Research module
2025-03-08T23:20:03.350Z [info]: Initializing Memory System
2025-03-08T23:20:03.353Z [info]: [36mCOREAI v2.0.0 operational[0m
2025-03-08T23:20:03.359Z [info]: Performance monitoring started
2025-03-09T00:20:40.683Z [info]: Socket.IO loaded successfully
2025-03-09T00:20:40.701Z [warn]: SocketIO module found but could not initialize server
2025-03-09T00:20:40.704Z [info]: Main application routes initialized
2025-03-09T00:20:40.704Z [info]: Initializing Auth module
2025-03-09T00:20:40.705Z [info]: Initializing Chat module
2025-03-09T00:20:40.706Z [info]: Initializing Research module
2025-03-09T00:20:40.706Z [info]: Initializing Memory System
2025-03-09T00:20:40.708Z [info]: [36mCOREAI v2.0.0 operational[0m
2025-03-09T00:20:40.710Z [info]: Performance monitoring started
2025-03-09T01:04:54.897Z [info]: Socket.IO loaded successfully
2025-03-09T01:04:54.923Z [warn]: SocketIO module found but could not initialize server
2025-03-09T01:04:54.934Z [info]: Main application routes initialized
2025-03-09T01:04:54.934Z [info]: Initializing Auth module
2025-03-09T01:04:54.935Z [info]: Initializing Chat module
2025-03-09T01:04:54.935Z [info]: Initializing Research module
2025-03-09T01:04:54.936Z [info]: Initializing Memory System
2025-03-09T01:04:54.940Z [info]: [36mCOREAI v2.0.0 operational[0m
2025-03-09T01:04:54.945Z [info]: Performance monitoring started
2025-03-09T13:57:09.149Z [info]: Socket.IO loaded successfully
2025-03-09T13:57:09.207Z [warn]: SocketIO module found but could not initialize server
2025-03-09T13:57:09.212Z [info]: Main application routes initialized
2025-03-09T13:57:09.214Z [info]: Initializing Auth module
2025-03-09T13:57:09.220Z [info]: Initializing Chat module
2025-03-09T13:57:09.226Z [info]: Initializing Research module
2025-03-09T13:57:09.228Z [info]: Initializing Memory System
2025-03-09T13:57:09.235Z [info]: [36mCOREAI v2.0.0 operational[0m
2025-03-09T13:57:09.235Z [info]: Performance monitoring started
2025-03-09T14:15:02.630Z [info]: Socket.IO loaded successfully
2025-03-09T14:15:02.652Z [warn]: SocketIO module found but could not initialize server
2025-03-09T14:15:02.656Z [info]: Main application routes initialized
2025-03-09T14:15:02.656Z [info]: Initializing Auth module
2025-03-09T14:15:02.657Z [info]: Initializing Chat module
2025-03-09T14:15:02.657Z [info]: Initializing Research module
2025-03-09T14:15:02.658Z [info]: Initializing Memory System
2025-03-09T14:15:02.661Z [info]: [36mCOREAI v2.0.0 operational[0m
2025-03-09T14:15:02.664Z [info]: Performance monitoring started
2025-03-09T14:15:05.138Z [info]: Socket.IO loaded successfully
2025-03-09T14:15:05.155Z [warn]: SocketIO module found but could not initialize server
2025-03-09T14:15:05.159Z [info]: Main application routes initialized
2025-03-09T14:15:05.159Z [info]: Initializing Auth module
2025-03-09T14:15:05.160Z [info]: Initializing Chat module
2025-03-09T14:15:05.161Z [info]: Initializing Research module
2025-03-09T14:15:05.161Z [info]: Initializing Memory System
2025-03-09T14:15:05.164Z [info]: [36mCOREAI v2.0.0 operational[0m
2025-03-09T14:15:05.165Z [info]: Performance monitoring started
2025-03-09T14:19:48.293Z [info]: Socket.IO loaded successfully
2025-03-09T14:19:48.314Z [warn]: SocketIO module found but could not initialize server
2025-03-09T14:19:48.318Z [info]: Main application routes initialized
2025-03-09T14:19:48.318Z [info]: Initializing Auth module
2025-03-09T14:19:48.319Z [info]: Initializing Chat module
2025-03-09T14:19:48.320Z [info]: Initializing Research module
2025-03-09T14:19:48.320Z [info]: Initializing Memory System
2025-03-09T14:19:48.323Z [info]: [36mCOREAI v2.0.0 operational[0m
2025-03-09T14:19:48.336Z [info]: Performance monitoring started
2025-03-09T14:20:21.781Z [info]: Socket.IO loaded successfully
2025-03-09T14:20:21.808Z [warn]: SocketIO module found but could not initialize server
2025-03-09T14:20:21.812Z [info]: Main application routes initialized
2025-03-09T14:20:21.813Z [info]: Initializing Auth module
2025-03-09T14:20:21.814Z [info]: Initializing Chat module
2025-03-09T14:20:21.814Z [info]: Initializing Research module
2025-03-09T14:20:21.815Z [info]: Initializing Memory System
2025-03-09T14:20:21.818Z [info]: [36mCOREAI v2.0.0 operational[0m
2025-03-09T14:20:21.820Z [info]: Performance monitoring started
2025-03-09T14:20:24.596Z [info]: Socket.IO loaded successfully
2025-03-09T14:20:24.612Z [warn]: SocketIO module found but could not initialize server
2025-03-09T14:20:24.616Z [info]: Main application routes initialized
2025-03-09T14:20:24.616Z [info]: Initializing Auth module
2025-03-09T14:20:24.617Z [info]: Initializing Chat module
2025-03-09T14:20:24.618Z [info]: Initializing Research module
2025-03-09T14:20:24.618Z [info]: Initializing Memory System
2025-03-09T14:20:24.621Z [info]: [36mCOREAI v2.0.0 operational[0m
2025-03-09T14:20:24.623Z [info]: Performance monitoring started
2025-03-09T14:20:28.320Z [info]: Socket.IO loaded successfully
2025-03-09T14:20:28.334Z [warn]: SocketIO module found but could not initialize server
2025-03-09T14:20:28.337Z [info]: Main application routes initialized
2025-03-09T14:20:28.338Z [info]: Initializing Auth module
2025-03-09T14:20:28.338Z [info]: Initializing Chat module
2025-03-09T14:20:28.339Z [info]: Initializing Research module
2025-03-09T14:20:28.339Z [info]: Initializing Memory System
2025-03-09T14:20:28.342Z [info]: [36mCOREAI v2.0.0 operational[0m
2025-03-09T14:20:28.343Z [info]: Performance monitoring started
2025-03-09T14:24:01.157Z [info]: Socket.IO loaded successfully
2025-03-09T14:24:01.178Z [warn]: SocketIO module found but could not initialize server
2025-03-09T14:24:01.181Z [info]: Main application routes initialized
2025-03-09T14:24:01.181Z [info]: Initializing Auth module
2025-03-09T14:24:01.182Z [info]: Initializing Chat module
2025-03-09T14:24:01.183Z [info]: Initializing Research module
2025-03-09T14:24:01.183Z [info]: Initializing Memory System
2025-03-09T14:24:01.186Z [info]: [36mCOREAI v2.0.0 operational[0m
2025-03-09T14:24:01.187Z [info]: Performance monitoring started
2025-03-09T14:24:15.495Z [info]: Socket.IO loaded successfully
2025-03-09T14:24:15.517Z [warn]: SocketIO module found but could not initialize server
2025-03-09T14:24:15.522Z [info]: Main application routes initialized
2025-03-09T14:24:15.522Z [info]: Initializing Auth module
2025-03-09T14:24:15.523Z [info]: Initializing Chat module
2025-03-09T14:24:15.524Z [info]: Initializing Research module
2025-03-09T14:24:15.524Z [info]: Initializing Memory System
2025-03-09T14:24:15.527Z [info]: [36mCOREAI v2.0.0 operational[0m
2025-03-09T14:24:15.530Z [info]: Performance monitoring started
2025-03-09T14:36:18.444Z [info]: Socket.IO loaded successfully
2025-03-09T14:36:18.462Z [warn]: SocketIO module found but could not initialize server
2025-03-09T14:36:18.465Z [info]: Main application routes initialized
2025-03-09T14:36:18.466Z [info]: Initializing Auth module
2025-03-09T14:36:18.466Z [info]: Initializing Chat module
2025-03-09T14:36:18.467Z [info]: Initializing Research module
2025-03-09T14:36:18.468Z [info]: Initializing Memory System
2025-03-09T14:36:18.473Z [info]: [36mCOREAI v2.0.0 operational[0m
2025-03-09T14:36:18.476Z [info]: Performance monitoring started
2025-03-09T14:36:19.492Z [info]: Socket.IO loaded successfully
2025-03-09T14:36:19.508Z [warn]: SocketIO module found but could not initialize server
2025-03-09T14:36:19.512Z [info]: Main application routes initialized
2025-03-09T14:36:19.513Z [info]: Initializing Auth module
2025-03-09T14:36:19.513Z [info]: Initializing Chat module
2025-03-09T14:36:19.514Z [info]: Initializing Research module
2025-03-09T14:36:19.514Z [info]: Initializing Memory System
2025-03-09T14:36:19.518Z [info]: [36mCOREAI v2.0.0 operational[0m
2025-03-09T14:36:19.521Z [info]: Performance monitoring started
2025-03-09T14:53:31.407Z [info]: Socket.IO loaded successfully
2025-03-09T14:53:31.427Z [warn]: SocketIO module found but could not initialize server
2025-03-09T14:53:31.431Z [info]: Main application routes initialized
2025-03-09T14:53:31.431Z [info]: Initializing Auth module
2025-03-09T14:53:31.432Z [info]: Initializing Chat module
2025-03-09T14:53:31.433Z [info]: Initializing Research module
2025-03-09T14:53:31.434Z [info]: Initializing Memory System
2025-03-09T14:53:31.438Z [info]: [36mCOREAI v2.0.0 operational[0m
2025-03-09T14:53:31.438Z [info]: Performance monitoring started
2025-03-09T14:53:34.202Z [info]: Socket.IO loaded successfully
2025-03-09T14:53:34.227Z [warn]: SocketIO module found but could not initialize server
2025-03-09T14:53:34.231Z [info]: Main application routes initialized
2025-03-09T14:53:34.231Z [info]: Initializing Auth module
2025-03-09T14:53:34.232Z [info]: Initializing Chat module
2025-03-09T14:53:34.233Z [info]: Initializing Research module
2025-03-09T14:53:34.234Z [info]: Initializing Memory System
2025-03-09T14:53:34.237Z [info]: [36mCOREAI v2.0.0 operational[0m
2025-03-09T14:53:34.242Z [info]: Performance monitoring started
2025-03-09T14:54:13.154Z [info]: Socket.IO loaded successfully
2025-03-09T14:54:13.183Z [warn]: SocketIO module found but could not initialize server
2025-03-09T14:54:13.188Z [info]: Main application routes initialized
2025-03-09T14:54:13.189Z [info]: Initializing Auth module
2025-03-09T14:54:13.190Z [info]: Initializing Chat module
2025-03-09T14:54:13.190Z [info]: Initializing Research module
2025-03-09T14:54:13.191Z [info]: Initializing Memory System
2025-03-09T14:54:13.197Z [info]: [36mCOREAI v2.0.0 operational[0m
2025-03-09T14:54:13.203Z [info]: Performance monitoring started
2025-03-09T14:55:16.763Z [info]: Socket.IO loaded successfully
2025-03-09T14:55:16.777Z [warn]: SocketIO module found but could not initialize server
2025-03-09T14:55:16.780Z [info]: Main application routes initialized
2025-03-09T14:55:16.780Z [info]: Initializing Auth module
2025-03-09T14:55:16.781Z [info]: Initializing Chat module
2025-03-09T14:55:16.782Z [info]: Initializing Research module
2025-03-09T14:55:16.782Z [info]: Initializing Memory System
2025-03-09T14:55:16.786Z [info]: [36mCOREAI v2.0.0 operational[0m
2025-03-09T14:55:16.787Z [info]: Performance monitoring started
2025-03-09T15:00:56.789Z [info]: Socket.IO loaded successfully
2025-03-09T15:00:56.801Z [warn]: SocketIO module found but could not initialize server
2025-03-09T15:00:56.805Z [info]: Main application routes initialized
2025-03-09T15:00:56.805Z [info]: Initializing Auth module
2025-03-09T15:00:56.806Z [info]: Initializing Chat module
2025-03-09T15:00:56.806Z [info]: Initializing Research module
2025-03-09T15:00:56.807Z [info]: Initializing Memory System
2025-03-09T15:00:56.810Z [info]: [36mCOREAI v2.0.0 operational[0m
2025-03-09T15:00:56.812Z [info]: Performance monitoring started
2025-03-09T15:03:46.287Z [info]: Socket.IO loaded successfully
2025-03-09T15:03:46.301Z [warn]: SocketIO module found but could not initialize server
2025-03-09T15:03:46.305Z [info]: Main application routes initialized
2025-03-09T15:03:46.305Z [info]: Initializing Auth module
2025-03-09T15:03:46.306Z [info]: Initializing Chat module
2025-03-09T15:03:46.307Z [info]: Initializing Research module
2025-03-09T15:03:46.308Z [info]: Initializing Memory System
2025-03-09T15:03:46.312Z [info]: [36mCOREAI v2.0.0 operational[0m
2025-03-09T15:03:46.313Z [info]: Performance monitoring started
2025-03-09T15:03:55.354Z [info]: Socket.IO loaded successfully
2025-03-09T15:03:55.367Z [warn]: SocketIO module found but could not initialize server
2025-03-09T15:03:55.370Z [info]: Main application routes initialized
2025-03-09T15:03:55.370Z [info]: Initializing Auth module
2025-03-09T15:03:55.371Z [info]: Initializing Chat module
2025-03-09T15:03:55.372Z [info]: Initializing Research module
2025-03-09T15:03:55.372Z [info]: Initializing Memory System
2025-03-09T15:03:55.375Z [info]: [36mCOREAI v2.0.0 operational[0m
2025-03-09T15:03:55.377Z [info]: Performance monitoring started
2025-03-09T15:12:09.879Z [info]: Socket.IO loaded successfully
2025-03-09T15:12:09.895Z [warn]: SocketIO module found but could not initialize server
2025-03-09T15:12:09.899Z [info]: Main application routes initialized
2025-03-09T15:12:09.899Z [info]: Initializing Auth module
2025-03-09T15:12:09.900Z [info]: Initializing Chat module
2025-03-09T15:12:09.901Z [info]: Initializing Research module
2025-03-09T15:12:09.901Z [info]: Initializing Memory System
2025-03-09T15:12:09.904Z [info]: [36mCOREAI v2.0.0 operational[0m
2025-03-09T15:12:09.906Z [info]: Performance monitoring started
2025-03-09T15:12:12.780Z [info]: Socket.IO loaded successfully
2025-03-09T15:12:12.796Z [warn]: SocketIO module found but could not initialize server
2025-03-09T15:12:12.799Z [info]: Main application routes initialized
2025-03-09T15:12:12.799Z [info]: Initializing Auth module
2025-03-09T15:12:12.800Z [info]: Initializing Chat module
2025-03-09T15:12:12.800Z [info]: Initializing Research module
2025-03-09T15:12:12.801Z [info]: Initializing Memory System
2025-03-09T15:12:12.804Z [info]: [36mCOREAI v2.0.0 operational[0m
2025-03-09T15:12:12.806Z [info]: Performance monitoring started
2025-03-09T15:13:41.100Z [info]: Socket.IO loaded successfully
2025-03-09T15:13:41.118Z [warn]: SocketIO module found but could not initialize server
2025-03-09T15:13:41.121Z [info]: Main application routes initialized
2025-03-09T15:13:41.121Z [info]: Initializing Auth module
2025-03-09T15:13:41.122Z [info]: Initializing Chat module
2025-03-09T15:13:41.123Z [info]: Initializing Terminal module
2025-03-09T15:13:41.125Z [info]: Initializing Research module
2025-03-09T15:13:41.125Z [info]: Initializing Memory System
2025-03-09T15:13:41.129Z [info]: [36mCOREAI v2.0.0 operational[0m
2025-03-09T15:13:41.129Z [info]: Performance monitoring started
2025-03-09T15:14:52.234Z [info]: Socket.IO loaded successfully
2025-03-09T15:14:52.247Z [warn]: SocketIO module found but could not initialize server
2025-03-09T15:14:52.249Z [info]: Main application routes initialized
2025-03-09T15:14:52.249Z [info]: Initializing Auth module
2025-03-09T15:14:52.250Z [info]: Initializing Chat module
2025-03-09T15:14:52.251Z [info]: Initializing Terminal module
2025-03-09T15:14:52.253Z [info]: Initializing Research module
2025-03-09T15:14:52.253Z [info]: Initializing Memory System
2025-03-09T15:14:52.257Z [info]: [36mCOREAI v2.0.0 operational[0m
2025-03-09T15:14:52.257Z [info]: Performance monitoring started
2025-03-09T15:17:54.095Z [info]: Socket.IO loaded successfully
2025-03-09T15:17:54.188Z [warn]: SocketIO module found but could not initialize server
2025-03-09T15:17:54.191Z [info]: Main application routes initialized
2025-03-09T15:17:54.191Z [info]: Initializing Auth module
2025-03-09T15:17:54.192Z [info]: Initializing Chat module
2025-03-09T15:17:54.192Z [info]: Initializing Terminal module
2025-03-09T15:17:54.195Z [info]: Terminal socket handlers initialized
2025-03-09T15:17:54.195Z [info]: Initializing Brave module
2025-03-09T15:17:54.195Z [info]: Initializing Research module
2025-03-09T15:17:54.196Z [info]: Initializing Memory System
2025-03-09T15:17:54.197Z [info]: Initializing Scheduler
2025-03-09T15:17:54.202Z [info]: [36mCOREAI v2.0.0 operational[0m
2025-03-09T15:17:54.202Z [info]: Performance monitoring started
2025-03-09T15:21:38.065Z [info]: Socket.IO loaded successfully
2025-03-09T15:21:38.075Z [warn]: SocketIO module found but could not initialize server
2025-03-09T15:21:38.078Z [info]: Main application routes initialized
2025-03-09T15:21:38.078Z [info]: Initializing Auth module
2025-03-09T15:21:38.079Z [info]: Initializing Chat module
2025-03-09T15:21:38.079Z [info]: Initializing Terminal module
2025-03-09T15:21:38.081Z [info]: Terminal socket handlers initialized
2025-03-09T15:21:38.081Z [info]: Initializing Research module
2025-03-09T15:21:38.082Z [info]: Initializing Memory System
2025-03-09T15:21:38.085Z [info]: [36mCOREAI v2.0.0 operational[0m
2025-03-09T15:21:38.086Z [info]: Performance monitoring started
2025-03-09T15:28:22.864Z [info]: Socket.IO loaded successfully
2025-03-09T15:28:22.883Z [info]: Socket.IO initialized successfully
2025-03-09T15:28:22.883Z [info]: Socket.IO server initialized
2025-03-09T15:28:22.886Z [info]: Main application routes initialized
2025-03-09T15:28:22.886Z [info]: Initializing Auth module
2025-03-09T15:28:22.887Z [info]: Initializing Chat module
2025-03-09T15:28:22.889Z [info]: Initializing Terminal module
2025-03-09T15:28:22.891Z [info]: Terminal socket handlers initialized
2025-03-09T15:28:22.892Z [info]: Initializing Research module
2025-03-09T15:28:22.892Z [info]: Initializing Memory System
2025-03-09T15:28:22.893Z [info]: Initializing Scheduler
2025-03-09T15:28:22.916Z [info]: [36mCOREAI v2.0.0 operational[0m [PID:4644] [NODE_ENV:production] [PORT:3000] [MEM-LAYERS:none]
2025-03-09T15:28:22.922Z [info]: Performance monitoring started
2025-03-09T15:28:22.891Z [info]: Terminal socket handlers initialized
2025-03-09T15:29:00.009Z [info]: Heartbeat
2025-03-09T15:30:00.008Z [info]: Heartbeat
2025-03-09T15:33:01.221Z [info]: Socket.IO loaded successfully
2025-03-09T15:33:01.240Z [warn]: SocketIO module found but could not initialize server
2025-03-09T15:33:01.245Z [info]: Main application routes initialized
2025-03-09T15:33:01.245Z [info]: Initializing Auth module
2025-03-09T15:33:01.246Z [info]: Initializing Chat module
2025-03-09T15:33:01.246Z [info]: Initializing Research module
2025-03-09T15:33:01.248Z [info]: Initializing Memory System
2025-03-09T15:33:01.251Z [info]: [36mCOREAI v2.0.0 operational[0m
2025-03-09T15:33:01.253Z [info]: Performance monitoring started
2025-03-09T15:41:05.164Z [info]: Socket.IO loaded successfully
2025-03-09T15:41:05.179Z [warn]: SocketIO module found but could not initialize server
2025-03-09T15:41:05.183Z [info]: Main application routes initialized
2025-03-09T15:41:05.183Z [info]: Initializing Auth module
2025-03-09T15:41:05.184Z [info]: Initializing Chat module
2025-03-09T15:41:05.185Z [info]: Initializing Research module
2025-03-09T15:41:05.185Z [info]: Initializing Memory System
2025-03-09T15:41:05.189Z [info]: [36mCOREAI v2.0.0 operational[0m
2025-03-09T15:41:05.191Z [info]: Performance monitoring started
2025-03-09T15:47:26.505Z [info]: Socket.IO loaded successfully
2025-03-09T15:47:26.521Z [warn]: SocketIO module found but could not initialize server
2025-03-09T15:47:26.526Z [info]: Main application routes initialized
2025-03-09T15:47:26.527Z [info]: Initializing Auth module
2025-03-09T15:47:26.527Z [info]: Initializing Chat module
2025-03-09T15:47:26.528Z [info]: Initializing Research module
2025-03-09T15:47:26.529Z [info]: Initializing Memory System
2025-03-09T15:47:26.533Z [info]: [36mCOREAI v2.0.0 operational[0m
2025-03-09T15:47:26.536Z [info]: Performance monitoring started
2025-03-09T15:49:12.251Z [info]: Socket.IO loaded successfully
2025-03-09T15:49:12.269Z [warn]: SocketIO module found but could not initialize server
2025-03-09T15:49:12.274Z [info]: Main application routes initialized
2025-03-09T15:49:12.274Z [info]: Initializing Auth module
2025-03-09T15:49:12.275Z [info]: Initializing Chat module
2025-03-09T15:49:12.276Z [info]: Initializing Research module
2025-03-09T15:49:12.276Z [info]: Initializing Memory System
2025-03-09T15:49:12.281Z [info]: [36mCOREAI v2.0.0 operational[0m
2025-03-09T15:49:12.281Z [info]: Performance monitoring started
2025-03-09T17:06:01.404Z [info]: Socket.IO loaded successfully
2025-03-09T17:06:01.424Z [warn]: SocketIO module found but could not initialize server
2025-03-09T17:06:01.427Z [info]: Main application routes initialized
2025-03-09T17:06:01.427Z [info]: Initializing Auth module
2025-03-09T17:06:01.428Z [info]: Initializing Chat module
2025-03-09T17:06:01.429Z [info]: Initializing Research module
2025-03-09T17:06:01.429Z [info]: Initializing Memory System
2025-03-09T17:06:01.432Z [info]: [36mCOREAI v2.0.0 operational[0m
2025-03-09T17:06:01.434Z [info]: Performance monitoring started
2025-03-09T17:09:23.738Z [info]: Socket.IO loaded successfully
2025-03-09T17:09:23.751Z [warn]: SocketIO module found but could not initialize server
2025-03-09T17:09:23.754Z [info]: Main application routes initialized
2025-03-09T17:09:23.754Z [info]: Initializing Auth module
2025-03-09T17:09:23.755Z [info]: Initializing Chat module
2025-03-09T17:09:23.756Z [info]: Initializing Research module
2025-03-09T17:09:23.756Z [info]: Initializing Memory System
2025-03-09T17:09:23.759Z [info]: [36mCOREAI v2.0.0 operational[0m
2025-03-09T17:09:23.761Z [info]: Performance monitoring started
{"level":"info","message":"Socket.IO loaded successfully","service":"coreai","timestamp":"2025-03-09T17:21:53.398Z"}
{"level":"warn","message":"SocketIO module found but could not initialize server","service":"coreai","timestamp":"2025-03-09T17:21:53.412Z"}
{"level":"info","message":"Main application routes initialized","service":"coreai","timestamp":"2025-03-09T17:21:53.416Z"}
{"level":"info","message":"Initializing Auth module","service":"coreai","timestamp":"2025-03-09T17:21:53.416Z"}
{"level":"info","message":"Initializing Chat module","service":"coreai","timestamp":"2025-03-09T17:21:53.417Z"}
{"level":"info","message":"Initializing Research module","service":"coreai","timestamp":"2025-03-09T17:21:53.418Z"}
{"level":"info","message":"Initializing Memory System","service":"coreai","timestamp":"2025-03-09T17:21:53.418Z"}
{"0":"[","1":"M","10":"S","11":":","12":"n","13":"o","14":"n","15":"e","16":"]","17":"i","18":"o","19":"n","2":"E","20":"]","3":"M","4":"-","5":"L","6":"A","7":"Y","8":"E","9":"R","level":"info","message":"\u001b[36mCOREAI v2.0.0 operational\u001b[0m","service":"coreai","timestamp":"2025-03-09T17:21:53.422Z"}
{"level":"info","message":"Performance monitoring started","service":"coreai","timestamp":"2025-03-09T17:21:53.422Z"}
{"level":"info","message":"Socket.IO loaded successfully","service":"coreai","timestamp":"2025-03-09T17:26:59.717Z"}
{"level":"warn","message":"SocketIO module found but could not initialize server","service":"coreai","timestamp":"2025-03-09T17:26:59.730Z"}
{"level":"info","message":"Main application routes initialized","service":"coreai","timestamp":"2025-03-09T17:26:59.733Z"}
{"level":"info","message":"Initializing Auth module","service":"coreai","timestamp":"2025-03-09T17:26:59.734Z"}
{"level":"info","message":"Initializing Chat module","service":"coreai","timestamp":"2025-03-09T17:26:59.734Z"}
{"level":"info","message":"Initializing Research module","service":"coreai","timestamp":"2025-03-09T17:26:59.735Z"}
{"level":"info","message":"Initializing Memory System","service":"coreai","timestamp":"2025-03-09T17:26:59.735Z"}
{"0":"[","1":"M","10":"S","11":":","12":"n","13":"o","14":"n","15":"e","16":"]","17":"i","18":"o","19":"n","2":"E","20":"]","3":"M","4":"-","5":"L","6":"A","7":"Y","8":"E","9":"R","level":"info","message":"\u001b[36mCOREAI v2.0.0 operational\u001b[0m","service":"coreai","timestamp":"2025-03-09T17:26:59.739Z"}
{"level":"info","message":"Performance monitoring started","service":"coreai","timestamp":"2025-03-09T17:26:59.741Z"}
{"level":"info","message":"Socket.IO loaded successfully","service":"coreai","timestamp":"2025-03-09T17:33:53.205Z"}
{"level":"warn","message":"SocketIO module found but could not initialize server","service":"coreai","timestamp":"2025-03-09T17:33:53.224Z"}
{"level":"info","message":"Main application routes initialized","service":"coreai","timestamp":"2025-03-09T17:33:53.227Z"}
{"level":"info","message":"Initializing Auth module","service":"coreai","timestamp":"2025-03-09T17:33:53.227Z"}
{"level":"info","message":"Initializing Chat module","service":"coreai","timestamp":"2025-03-09T17:33:53.228Z"}
{"level":"info","message":"Initializing Research module","service":"coreai","timestamp":"2025-03-09T17:33:53.228Z"}
{"level":"info","message":"Initializing Memory System","service":"coreai","timestamp":"2025-03-09T17:33:53.229Z"}
{"0":"[","1":"M","10":"S","11":":","12":"n","13":"o","14":"n","15":"e","16":"]","17":"i","18":"o","19":"n","2":"E","20":"]","3":"M","4":"-","5":"L","6":"A","7":"Y","8":"E","9":"R","level":"info","message":"\u001b[36mCOREAI v2.0.0 operational\u001b[0m","service":"coreai","timestamp":"2025-03-09T17:33:53.232Z"}
{"level":"info","message":"Performance monitoring started","service":"coreai","timestamp":"2025-03-09T17:33:53.235Z"}
